0 verbose cli C:\Program Files\nodejs\node.exe C:\Users\JIMUTHA\AppData\Roaming\npm\node_modules\npm\bin\npm-cli.js
1 info using npm@11.6.0
2 info using node@v22.18.0
3 silly config load:file:C:\Users\JIMUTHA\AppData\Roaming\npm\node_modules\npm\npmrc
4 silly config load:file:C:\Users\JIMUTHA\Desktop\My Projects\Portfolio\my-portfolio\.npmrc
5 silly config load:file:C:\Users\JIMUTHA\.npmrc
6 silly config load:file:C:\Users\JIMUTHA\AppData\Roaming\npm\etc\npmrc
7 verbose title npm start
8 verbose argv "start"
9 verbose logfile logs-max:10 dir:C:\Users\JIMUTHA\Desktop\My Projects\Portfolio\my-portfolio\UsersJIMUTHAnpm-cache\_logs\2025-10-24T11_57_58_689Z-
10 verbose logfile C:\Users\JIMUTHA\Desktop\My Projects\Portfolio\my-portfolio\UsersJIMUTHAnpm-cache\_logs\2025-10-24T11_57_58_689Z-debug-0.log
11 silly logfile done cleaning log files
12 verbose stack Error: Could not read package.json: Error: ENOENT: no such file or directory, open 'C:\Users\JIMUTHA\Desktop\My Projects\Portfolio\my-portfolio\package.json'
12 verbose stack     at async open (node:internal/fs/promises:639:25)
12 verbose stack     at async readFile (node:internal/fs/promises:1243:14)
12 verbose stack     at async read (C:\Users\JIMUTHA\AppData\Roaming\npm\node_modules\npm\node_modules\@npmcli\package-json\lib\read-package.js:9:18)
12 verbose stack     at async PackageJson.load (C:\Users\JIMUTHA\AppData\Roaming\npm\node_modules\npm\node_modules\@npmcli\package-json\lib\index.js:132:31)
12 verbose stack     at async PackageJson.normalize (C:\Users\JIMUTHA\AppData\Roaming\npm\node_modules\npm\node_modules\@npmcli\package-json\lib\index.js:118:5)
12 verbose stack     at async #run (C:\Users\JIMUTHA\AppData\Roaming\npm\node_modules\npm\lib\commands\run.js:90:13)
12 verbose stack     at async RunScript.exec (C:\Users\JIMUTHA\AppData\Roaming\npm\node_modules\npm\lib\commands\run.js:44:7)
12 verbose stack     at async Npm.exec (C:\Users\JIMUTHA\AppData\Roaming\npm\node_modules\npm\lib\npm.js:208:9)
12 verbose stack     at async module.exports (C:\Users\JIMUTHA\AppData\Roaming\npm\node_modules\npm\lib\cli\entry.js:67:5)
13 error code ENOENT
14 error syscall open
15 error path C:\Users\JIMUTHA\Desktop\My Projects\Portfolio\my-portfolio\package.json
16 error errno -4058
17 error enoent Could not read package.json: Error: ENOENT: no such file or directory, open 'C:\Users\JIMUTHA\Desktop\My Projects\Portfolio\my-portfolio\package.json'
18 error enoent This is related to npm not being able to find a file.
18 error enoent
19 verbose cwd C:\Users\JIMUTHA\Desktop\My Projects\Portfolio\my-portfolio
20 verbose os Windows_NT 10.0.26200
21 verbose node v22.18.0
22 verbose npm  v11.6.0
23 verbose exit -4058
24 verbose code -4058
25 error A complete log of this run can be found in: C:\Users\JIMUTHA\Desktop\My Projects\Portfolio\my-portfolio\UsersJIMUTHAnpm-cache\_logs\2025-10-24T11_57_58_689Z-debug-0.log
